[0.008s] Invoking command in '/home/d22/gz_projects/gz_ws/build/asv_joy_gazebo_plugins': CONDA_PROMPT_MODIFIER=(base) DEBUGINFOD_URLS=https://debuginfod.ubuntu.com /usr/bin/cmake /home/d22/gz_projects/gz_ws/src/asv_joy/asv_joy_gazebo_plugins -DCATKIN_INSTALL_INTO_PREFIX_ROOT=0 -DCMAKE_INSTALL_PREFIX=/home/d22/gz_projects/gz_ws/install/asv_joy_gazebo_plugins
[0.015s] [0mCMake Deprecation Warning at CMakeLists.txt:1 (cmake_minimum_required):
[0.015s]   Compatibility with CMake < 3.5 will be removed from a future version of
[0.015s]   CMake.
[0.015s] 
[0.016s]   Update the VERSION argument <min> value or use a ...<max> suffix to tell
[0.016s]   CMake that the project does not need compatibility with older versions.
[0.016s] 
[0.016s] [0m
[0.056s] -- The C compiler identification is GNU 13.3.0
[0.098s] -- The CXX compiler identification is GNU 13.3.0
[0.116s] -- Detecting C compiler ABI info
[0.202s] -- Detecting C compiler ABI info - done
[0.212s] -- Check for working C compiler: /usr/bin/cc - skipped
[0.212s] -- Detecting C compile features
[0.213s] -- Detecting C compile features - done
[0.223s] -- Detecting CXX compiler ABI info
[0.319s] -- Detecting CXX compiler ABI info - done
[0.327s] -- Check for working CXX compiler: /usr/bin/c++ - skipped
[0.327s] -- Detecting CXX compile features
[0.328s] -- Detecting CXX compile features - done
[0.335s] -- Configuring incomplete, errors occurred!
[0.335s] [31mCMake Error at CMakeLists.txt:13 (find_package):
[0.335s]   By not providing "Findcatkin.cmake" in CMAKE_MODULE_PATH this project has
[0.335s]   asked CMake to find a package configuration file provided by "catkin", but
[0.335s]   CMake did not find one.
[0.335s] 
[0.335s]   Could not find a package configuration file provided by "catkin" with any
[0.336s]   of the following names:
[0.336s] 
[0.336s]     catkinConfig.cmake
[0.336s]     catkin-config.cmake
[0.336s] 
[0.336s]   Add the installation prefix of "catkin" to CMAKE_PREFIX_PATH or set
[0.336s]   "catkin_DIR" to a directory containing one of the above files.  If "catkin"
[0.336s]   provides a separate development package or SDK, be sure it has been
[0.336s]   installed.
[0.336s] 
[0.336s] [0m
[0.338s] Invoked command in '/home/d22/gz_projects/gz_ws/build/asv_joy_gazebo_plugins' returned '1': CONDA_PROMPT_MODIFIER=(base) DEBUGINFOD_URLS=https://debuginfod.ubuntu.com /usr/bin/cmake /home/d22/gz_projects/gz_ws/src/asv_joy/asv_joy_gazebo_plugins -DCATKIN_INSTALL_INTO_PREFIX_ROOT=0 -DCMAKE_INSTALL_PREFIX=/home/d22/gz_projects/gz_ws/install/asv_joy_gazebo_plugins
