[0.006s] Invoking command in '/home/d22/gz_projects/gz_ws/build/out1': CMAKE_PREFIX_PATH=${CMAKE_PREFIX_PATH}:/opt/ros/jazzy CONDA_PROMPT_MODIFIER=(base) DEBUGINFOD_URLS=https://debuginfod.ubuntu.com /usr/bin/cmake /home/d22/gz_projects/gz_ws/src/out1/out1 -DCMAKE_INSTALL_PREFIX=/home/d22/gz_projects/gz_ws/install/out1
[0.015s] -- Found ament_cmake: 2.5.4 (/opt/ros/jazzy/share/ament_cmake/cmake)
[0.154s] -- Found ament_lint_auto: 0.17.2 (/opt/ros/jazzy/share/ament_lint_auto/cmake)
[0.170s] Traceback (most recent call last):
[0.172s]   File "/opt/ros/jazzy/share/ament_cmake_core/cmake/core/package_xml_2_cmake.py", line 22, in <module>
[0.172s]     from catkin_pkg.package import parse_package_string
[0.172s] ModuleNotFoundError: No module named 'catkin_pkg'
[0.175s] [31mCMake Error at /opt/ros/jazzy/share/ament_cmake_core/cmake/core/ament_package_xml.cmake:95 (message):
[0.175s]   execute_process(/home/d22/miniconda3/bin/python3
[0.175s]   /opt/ros/jazzy/share/ament_cmake_core/cmake/core/package_xml_2_cmake.py
[0.175s]   /home/d22/gz_projects/gz_ws/src/out1/out1/package.xml
[0.175s]   /home/d22/gz_projects/gz_ws/build/out1/ament_cmake_core/package.cmake)
[0.175s]   returned error code 1
[0.175s] Call Stack (most recent call first):
[0.175s]   /opt/ros/jazzy/share/ament_cmake_core/cmake/core/ament_package_xml.cmake:49 (_ament_package_xml)
[0.176s]   /opt/ros/jazzy/share/ament_cmake_core/cmake/core/ament_package.cmake:63 (ament_package_xml)
[0.176s]   CMakeLists.txt:22 (ament_package)
[0.176s] 
[0.176s] [0m
[0.176s] -- Configuring incomplete, errors occurred!
[0.178s] Invoked command in '/home/d22/gz_projects/gz_ws/build/out1' returned '1': CMAKE_PREFIX_PATH=${CMAKE_PREFIX_PATH}:/opt/ros/jazzy CONDA_PROMPT_MODIFIER=(base) DEBUGINFOD_URLS=https://debuginfod.ubuntu.com /usr/bin/cmake /home/d22/gz_projects/gz_ws/src/out1/out1 -DCMAKE_INSTALL_PREFIX=/home/d22/gz_projects/gz_ws/install/out1
