/home/d22/gz_projects/gz_ws/install/gz_trainpy/share/ament_index/resource_index/packages/gz_trainpy
/home/d22/gz_projects/gz_ws/install/gz_trainpy/share/gz_trainpy/package.xml
/home/d22/gz_projects/gz_ws/install/gz_trainpy/share/gz_trainpy/launch/joy_launch.xml
/home/d22/gz_projects/gz_ws/install/gz_trainpy/share/gz_trainpy/launch/joy_launch.py
/home/d22/gz_projects/gz_ws/install/gz_trainpy/share/gz_trainpy/launch/urdf_launch.xml
/home/d22/gz_projects/gz_ws/install/gz_trainpy/share/gz_trainpy/launch/rviz_urdf.py
/home/d22/gz_projects/gz_ws/install/gz_trainpy/share/gz_trainpy/launch/joy_launch2.py
/home/d22/gz_projects/gz_ws/install/gz_trainpy/share/gz_trainpy/launch/sub_launch.py
/home/d22/gz_projects/gz_ws/install/gz_trainpy/share/gz_trainpy/launch/urdf_launch.py
/home/d22/gz_projects/gz_ws/install/gz_trainpy/share/gz_trainpy/launch/world_launch.xml
/home/d22/gz_projects/gz_ws/install/gz_trainpy/lib/python3.12/site-packages/gz_trainpy-0.0.0-py3.12.egg-info/dependency_links.txt
/home/d22/gz_projects/gz_ws/install/gz_trainpy/lib/python3.12/site-packages/gz_trainpy-0.0.0-py3.12.egg-info/top_level.txt
/home/d22/gz_projects/gz_ws/install/gz_trainpy/lib/python3.12/site-packages/gz_trainpy-0.0.0-py3.12.egg-info/zip-safe
/home/d22/gz_projects/gz_ws/install/gz_trainpy/lib/python3.12/site-packages/gz_trainpy-0.0.0-py3.12.egg-info/PKG-INFO
/home/d22/gz_projects/gz_ws/install/gz_trainpy/lib/python3.12/site-packages/gz_trainpy-0.0.0-py3.12.egg-info/requires.txt
/home/d22/gz_projects/gz_ws/install/gz_trainpy/lib/python3.12/site-packages/gz_trainpy-0.0.0-py3.12.egg-info/SOURCES.txt
/home/d22/gz_projects/gz_ws/install/gz_trainpy/lib/python3.12/site-packages/gz_trainpy-0.0.0-py3.12.egg-info/entry_points.txt
/home/d22/gz_projects/gz_ws/install/gz_trainpy/lib/gz_trainpy/evpub
/home/d22/gz_projects/gz_ws/install/gz_trainpy/lib/gz_trainpy/tpub
/home/d22/gz_projects/gz_ws/install/gz_trainpy/lib/gz_trainpy/tsub
