[0.014s] Invoking command in '/home/d22/gz_projects/gz_ws/build/asv_joy_gazebo_plugins': CONDA_PROMPT_MODIFIER=(base) DEBUGINFOD_URLS=https://debuginfod.ubuntu.com /usr/bin/cmake /home/d22/gz_projects/gz_ws/src/asv_joy/asv_joy_gazebo_plugins -DCATKIN_INSTALL_INTO_PREFIX_ROOT=0 -DCMAKE_INSTALL_PREFIX=/home/d22/gz_projects/gz_ws/install/asv_joy_gazebo_plugins
[0.033s] [31mCMake Error at CMakeLists.txt:13 (find_package):
[0.033s]   By not providing "Findcatkin.cmake" in CMAKE_MODULE_PATH this project has
[0.033s]   asked CMake to find a package configuration file provided by "catkin", but
[0.033s]   CMake did not find one.
[0.033s] 
[0.033s]   Could not find a package configuration file provided by "catkin" with any
[0.033s]   of the following names:
[0.033s] 
[0.033s]     catkinConfig.cmake
[0.034s]     catkin-config.cmake
[0.034s] 
[0.034s]   Add the installation prefix of "catkin" to CMAKE_PREFIX_PATH or set
[0.034s]   "catkin_DIR" to a directory containing one of the above files.  If "catkin"
[0.034s]   provides a separate development package or SDK, be sure it has been
[0.034s]   installed.
[0.034s] 
[0.034s] [0m
[0.034s] -- Configuring incomplete, errors occurred!
[0.035s] Invoked command in '/home/d22/gz_projects/gz_ws/build/asv_joy_gazebo_plugins' returned '1': CONDA_PROMPT_MODIFIER=(base) DEBUGINFOD_URLS=https://debuginfod.ubuntu.com /usr/bin/cmake /home/d22/gz_projects/gz_ws/src/asv_joy/asv_joy_gazebo_plugins -DCATKIN_INSTALL_INTO_PREFIX_ROOT=0 -DCMAKE_INSTALL_PREFIX=/home/d22/gz_projects/gz_ws/install/asv_joy_gazebo_plugins
