/home/d22/gz_projects/gz_ws/install/ros2_opencv/lib/python3.12/site-packages/ros2_opencv/robot_control.py
/home/d22/gz_projects/gz_ws/install/ros2_opencv/lib/python3.12/site-packages/ros2_opencv/cameraPublisher.py
/home/d22/gz_projects/gz_ws/install/ros2_opencv/lib/python3.12/site-packages/ros2_opencv/subscriberImage.py
/home/d22/gz_projects/gz_ws/install/ros2_opencv/lib/python3.12/site-packages/ros2_opencv/__init__.py
/home/d22/gz_projects/gz_ws/install/ros2_opencv/lib/python3.12/site-packages/ros2_opencv/image_detection.py
/home/d22/gz_projects/gz_ws/install/ros2_opencv/lib/python3.12/site-packages/ros2_opencv/__pycache__/robot_control.cpython-312.pyc
/home/d22/gz_projects/gz_ws/install/ros2_opencv/lib/python3.12/site-packages/ros2_opencv/__pycache__/cameraPublisher.cpython-312.pyc
/home/d22/gz_projects/gz_ws/install/ros2_opencv/lib/python3.12/site-packages/ros2_opencv/__pycache__/subscriberImage.cpython-312.pyc
/home/d22/gz_projects/gz_ws/install/ros2_opencv/lib/python3.12/site-packages/ros2_opencv/__pycache__/__init__.cpython-312.pyc
/home/d22/gz_projects/gz_ws/install/ros2_opencv/lib/python3.12/site-packages/ros2_opencv/__pycache__/image_detection.cpython-312.pyc
/home/d22/gz_projects/gz_ws/install/ros2_opencv/share/ament_index/resource_index/packages/ros2_opencv
/home/d22/gz_projects/gz_ws/install/ros2_opencv/share/ros2_opencv/package.xml
/home/d22/gz_projects/gz_ws/install/ros2_opencv/lib/python3.12/site-packages/ros2_opencv-0.0.0-py3.12.egg-info/dependency_links.txt
/home/d22/gz_projects/gz_ws/install/ros2_opencv/lib/python3.12/site-packages/ros2_opencv-0.0.0-py3.12.egg-info/top_level.txt
/home/d22/gz_projects/gz_ws/install/ros2_opencv/lib/python3.12/site-packages/ros2_opencv-0.0.0-py3.12.egg-info/zip-safe
/home/d22/gz_projects/gz_ws/install/ros2_opencv/lib/python3.12/site-packages/ros2_opencv-0.0.0-py3.12.egg-info/PKG-INFO
/home/d22/gz_projects/gz_ws/install/ros2_opencv/lib/python3.12/site-packages/ros2_opencv-0.0.0-py3.12.egg-info/requires.txt
/home/d22/gz_projects/gz_ws/install/ros2_opencv/lib/python3.12/site-packages/ros2_opencv-0.0.0-py3.12.egg-info/SOURCES.txt
/home/d22/gz_projects/gz_ws/install/ros2_opencv/lib/python3.12/site-packages/ros2_opencv-0.0.0-py3.12.egg-info/entry_points.txt
/home/d22/gz_projects/gz_ws/install/ros2_opencv/lib/ros2_opencv/camera_publisher_node
/home/d22/gz_projects/gz_ws/install/ros2_opencv/lib/ros2_opencv/image_detection
/home/d22/gz_projects/gz_ws/install/ros2_opencv/lib/ros2_opencv/robot_control
/home/d22/gz_projects/gz_ws/install/ros2_opencv/lib/ros2_opencv/subscriber_image_node
/home/d22/gz_projects/gz_ws/install/ros2_opencv/lib/ros2_opencv/webcam_processing
