/home/d22/gz_projects/gz_ws/install/turtlebot3_line_follower/lib/python3.12/site-packages/turtlebot3_line_follower/two_line_follower_node.py
/home/d22/gz_projects/gz_ws/install/turtlebot3_line_follower/lib/python3.12/site-packages/turtlebot3_line_follower/line_follower.py
/home/d22/gz_projects/gz_ws/install/turtlebot3_line_follower/lib/python3.12/site-packages/turtlebot3_line_follower/yolo_detect.py
/home/d22/gz_projects/gz_ws/install/turtlebot3_line_follower/lib/python3.12/site-packages/turtlebot3_line_follower/__init__.py
/home/d22/gz_projects/gz_ws/install/turtlebot3_line_follower/lib/python3.12/site-packages/turtlebot3_line_follower/__pycache__/two_line_follower_node.cpython-312.pyc
/home/d22/gz_projects/gz_ws/install/turtlebot3_line_follower/lib/python3.12/site-packages/turtlebot3_line_follower/__pycache__/line_follower.cpython-312.pyc
/home/d22/gz_projects/gz_ws/install/turtlebot3_line_follower/lib/python3.12/site-packages/turtlebot3_line_follower/__pycache__/yolo_detect.cpython-312.pyc
/home/d22/gz_projects/gz_ws/install/turtlebot3_line_follower/lib/python3.12/site-packages/turtlebot3_line_follower/__pycache__/__init__.cpython-312.pyc
/home/d22/gz_projects/gz_ws/install/turtlebot3_line_follower/share/ament_index/resource_index/packages/turtlebot3_line_follower
/home/d22/gz_projects/gz_ws/install/turtlebot3_line_follower/share/turtlebot3_line_follower/launch/simple_line_follow.launch.py
/home/d22/gz_projects/gz_ws/install/turtlebot3_line_follower/share/turtlebot3_line_follower/launch/stop_sign_line_follow_world.launch.py
/home/d22/gz_projects/gz_ws/install/turtlebot3_line_follower/share/turtlebot3_line_follower/launch/two_robots.launch.py
/home/d22/gz_projects/gz_ws/install/turtlebot3_line_follower/share/turtlebot3_line_follower/worlds/line_follow_world.world
/home/d22/gz_projects/gz_ws/install/turtlebot3_line_follower/share/turtlebot3_line_follower/worlds/wall_world.world
/home/d22/gz_projects/gz_ws/install/turtlebot3_line_follower/share/turtlebot3_line_follower/package.xml
/home/d22/gz_projects/gz_ws/install/turtlebot3_line_follower/lib/python3.12/site-packages/turtlebot3_line_follower-0.0.0-py3.12.egg-info/dependency_links.txt
/home/d22/gz_projects/gz_ws/install/turtlebot3_line_follower/lib/python3.12/site-packages/turtlebot3_line_follower-0.0.0-py3.12.egg-info/top_level.txt
/home/d22/gz_projects/gz_ws/install/turtlebot3_line_follower/lib/python3.12/site-packages/turtlebot3_line_follower-0.0.0-py3.12.egg-info/zip-safe
/home/d22/gz_projects/gz_ws/install/turtlebot3_line_follower/lib/python3.12/site-packages/turtlebot3_line_follower-0.0.0-py3.12.egg-info/PKG-INFO
/home/d22/gz_projects/gz_ws/install/turtlebot3_line_follower/lib/python3.12/site-packages/turtlebot3_line_follower-0.0.0-py3.12.egg-info/requires.txt
/home/d22/gz_projects/gz_ws/install/turtlebot3_line_follower/lib/python3.12/site-packages/turtlebot3_line_follower-0.0.0-py3.12.egg-info/SOURCES.txt
/home/d22/gz_projects/gz_ws/install/turtlebot3_line_follower/lib/python3.12/site-packages/turtlebot3_line_follower-0.0.0-py3.12.egg-info/entry_points.txt
/home/d22/gz_projects/gz_ws/install/turtlebot3_line_follower/lib/turtlebot3_line_follower/line_follower
/home/d22/gz_projects/gz_ws/install/turtlebot3_line_follower/lib/turtlebot3_line_follower/two_line_follower_node
/home/d22/gz_projects/gz_ws/install/turtlebot3_line_follower/lib/turtlebot3_line_follower/yolo_detect
