[0.006s] Invoking command in '/home/d22/gz_projects/gz_ws/build/my_robot_bringup': CMAKE_PREFIX_PATH=${CMAKE_PREFIX_PATH}:/opt/ros/jazzy CONDA_PROMPT_MODIFIER=(base) DEBUGINFOD_URLS=https://debuginfod.ubuntu.com /usr/bin/cmake /home/d22/gz_projects/gz_ws/src/my_robot_bringup -DCMAKE_INSTALL_PREFIX=/home/d22/gz_projects/gz_ws/install/my_robot_bringup
[0.052s] -- The C compiler identification is GNU 13.3.0
[0.094s] -- The CXX compiler identification is GNU 13.3.0
[0.106s] -- Detecting C compiler ABI info
[0.206s] -- Detecting C compiler ABI info - done
[0.214s] -- Check for working C compiler: /usr/bin/cc - skipped
[0.214s] -- Detecting C compile features
[0.214s] -- Detecting C compile features - done
[0.222s] -- Detecting CXX compiler ABI info
[0.331s] -- Detecting CXX compiler ABI info - done
[0.336s] -- Check for working CXX compiler: /usr/bin/c++ - skipped
[0.336s] -- Detecting CXX compile features
[0.337s] -- Detecting CXX compile features - done
[0.343s] -- Found ament_cmake: 2.5.4 (/opt/ros/jazzy/share/ament_cmake/cmake)
[0.432s] -- Found Python3: /home/d22/miniconda3/bin/python3 (found version "3.13.2") found components: Interpreter 
[0.538s] Traceback (most recent call last):
[0.540s]   File "/opt/ros/jazzy/share/ament_cmake_core/cmake/core/package_xml_2_cmake.py", line 22, in <module>
[0.540s]     from catkin_pkg.package import parse_package_string
[0.540s] ModuleNotFoundError: No module named 'catkin_pkg'
[0.543s] [31mCMake Error at /opt/ros/jazzy/share/ament_cmake_core/cmake/core/ament_package_xml.cmake:95 (message):
[0.543s]   execute_process(/home/d22/miniconda3/bin/python3
[0.543s]   /opt/ros/jazzy/share/ament_cmake_core/cmake/core/package_xml_2_cmake.py
[0.543s]   /home/d22/gz_projects/gz_ws/src/my_robot_bringup/package.xml
[0.543s]   /home/d22/gz_projects/gz_ws/build/my_robot_bringup/ament_cmake_core/package.cmake)
[0.543s]   returned error code 1
[0.543s] Call Stack (most recent call first):
[0.543s]   /opt/ros/jazzy/share/ament_cmake_core/cmake/core/ament_package_xml.cmake:49 (_ament_package_xml)
[0.543s]   /opt/ros/jazzy/share/ament_cmake_core/cmake/core/ament_package.cmake:63 (ament_package_xml)
[0.543s]   CMakeLists.txt:16 (ament_package)
[0.543s] 
[0.543s] [0m
[0.543s] -- Configuring incomplete, errors occurred!
[0.547s] Invoked command in '/home/d22/gz_projects/gz_ws/build/my_robot_bringup' returned '1': CMAKE_PREFIX_PATH=${CMAKE_PREFIX_PATH}:/opt/ros/jazzy CONDA_PROMPT_MODIFIER=(base) DEBUGINFOD_URLS=https://debuginfod.ubuntu.com /usr/bin/cmake /home/d22/gz_projects/gz_ws/src/my_robot_bringup -DCMAKE_INSTALL_PREFIX=/home/d22/gz_projects/gz_ws/install/my_robot_bringup
